2026-06-03 10:21:35,724 - INFO - Auto-Backup für LPrint gestartet...
2026-06-03 10:21:36,160 - INFO - Backup erfolgreich erstellt: C:\Backups\Auto\Harter-ZBook_LPrint_Auto_2026-06-03_10-21-35.zip
2026-06-03 10:21:36,161 - INFO - Auto-Backup für LPrint erfolgreich: C:\Backups\Auto\Harter-ZBook_LPrint_Auto_2026-06-03_10-21-35.zip
2026-06-03 10:23:01,502 - INFO - Auto-Backup für LPrint gestartet...
2026-06-03 10:23:02,000 - INFO - Backup erfolgreich erstellt: C:\Backups\Auto\Harter-ZBook_LPrint_Auto_2026-06-03_10-23-01.zip
2026-06-03 10:23:02,001 - INFO - Auto-Backup für LPrint erfolgreich: C:\Backups\Auto\Harter-ZBook_LPrint_Auto_2026-06-03_10-23-01.zip
2026-06-03 10:28:01,595 - INFO - Auto-Backup für LPrint gestartet...
2026-06-03 10:28:02,047 - INFO - Backup erfolgreich erstellt: C:\Backups\Auto\Harter-ZBook_LPrint_Auto_2026-06-03_10-28-01.zip
2026-06-03 10:28:02,047 - INFO - Auto-Backup für LPrint erfolgreich: C:\Backups\Auto\Harter-ZBook_LPrint_Auto_2026-06-03_10-28-01.zip
2026-06-03 10:33:01,532 - INFO - Auto-Backup für LPrint gestartet...
2026-06-03 10:33:01,967 - INFO - Backup erfolgreich erstellt: C:\Backups\Auto\Harter-ZBook_LPrint_Auto_2026-06-03_10-33-01.zip
2026-06-03 10:33:01,967 - INFO - Auto-Backup für LPrint erfolgreich: C:\Backups\Auto\Harter-ZBook_LPrint_Auto_2026-06-03_10-33-01.zip
2026-06-03 10:33:01,969 - INFO - Altes Backup gelöscht: C:\Backups\Auto\Harter-ZBook_LPrint_Auto_2026-06-03_10-21-35.zip
2026-06-03 10:33:01,969 - INFO - Alte Backup-Logdatei gelöscht: C:\Backups\Auto\Harter-ZBook_LPrint_Auto_2026-06-03_10-21-35.txt
2026-06-03 10:38:01,467 - INFO - Auto-Backup für LPrint gestartet...
2026-06-03 10:38:01,919 - INFO - Backup erfolgreich erstellt: C:\Backups\Auto\Harter-ZBook_LPrint_Auto_2026-06-03_10-38-01.zip
2026-06-03 10:38:01,919 - INFO - Auto-Backup für LPrint erfolgreich: C:\Backups\Auto\Harter-ZBook_LPrint_Auto_2026-06-03_10-38-01.zip
2026-06-03 10:38:01,922 - INFO - Altes Backup gelöscht: C:\Backups\Auto\Harter-ZBook_LPrint_Auto_2026-06-03_10-23-01.zip
2026-06-03 10:38:01,922 - INFO - Alte Backup-Logdatei gelöscht: C:\Backups\Auto\Harter-ZBook_LPrint_Auto_2026-06-03_10-23-01.txt
2026-06-03 10:43:01,479 - INFO - Auto-Backup für LPrint gestartet...
2026-06-03 10:43:01,900 - INFO - Backup erfolgreich erstellt: C:\Backups\Auto\Harter-ZBook_LPrint_Auto_2026-06-03_10-43-01.zip
2026-06-03 10:43:01,900 - INFO - Auto-Backup für LPrint erfolgreich: C:\Backups\Auto\Harter-ZBook_LPrint_Auto_2026-06-03_10-43-01.zip
2026-06-03 10:43:01,902 - INFO - Altes Backup gelöscht: C:\Backups\Auto\Harter-ZBook_LPrint_Auto_2026-06-03_10-28-01.zip
2026-06-03 10:43:01,903 - INFO - Alte Backup-Logdatei gelöscht: C:\Backups\Auto\Harter-ZBook_LPrint_Auto_2026-06-03_10-28-01.txt
2026-06-03 10:48:01,579 - INFO - Auto-Backup für LPrint gestartet...
2026-06-03 10:48:01,643 - INFO - Backup erfolgreich erstellt: C:\Backups\Auto\Harter-ZBook_LPrint_Auto_2026-06-03_10-48-01.zip
2026-06-03 10:48:01,643 - INFO - Auto-Backup für LPrint erfolgreich: C:\Backups\Auto\Harter-ZBook_LPrint_Auto_2026-06-03_10-48-01.zip
2026-06-03 10:48:01,645 - INFO - Altes Backup gelöscht: C:\Backups\Auto\Harter-ZBook_LPrint_Auto_2026-06-03_10-33-01.zip
2026-06-03 10:48:01,646 - INFO - Alte Backup-Logdatei gelöscht: C:\Backups\Auto\Harter-ZBook_LPrint_Auto_2026-06-03_10-33-01.txt
2026-06-03 10:53:01,617 - INFO - Auto-Backup für LPrint gestartet...
2026-06-03 10:53:01,667 - INFO - Backup erfolgreich erstellt: C:\Backups\Auto\Harter-ZBook_LPrint_Auto_2026-06-03_10-53-01.zip
2026-06-03 10:53:01,668 - INFO - Auto-Backup für LPrint erfolgreich: C:\Backups\Auto\Harter-ZBook_LPrint_Auto_2026-06-03_10-53-01.zip
2026-06-03 10:53:01,670 - INFO - Altes Backup gelöscht: C:\Backups\Auto\Harter-ZBook_LPrint_Auto_2026-06-03_10-38-01.zip
2026-06-03 10:53:01,670 - INFO - Alte Backup-Logdatei gelöscht: C:\Backups\Auto\Harter-ZBook_LPrint_Auto_2026-06-03_10-38-01.txt
